ERROR(LINKER): Procedure main is not defined.
Number of warnings: 0
Number of errors: 1
------------------------------------
ERROR: semerr-aasmaller.tm not produced
